2015.07.06
180.153.206.38 - - [04/Jul/2015:22:35:57 -0400] "GET /sfx_local?sid=google&auinit=W&aulast=Chung&atitle=The+decline+of+son+preference+in+South+Korea:+The+roles+of+development+and+public+policy&id=doi:10.1111/j.1728-4457.2007.00196.x&title=Population+and+development+review&volume=33&issue=4&date=2007&spage=757&issn=0098-7921 HTTP/1.1" 200 23986 "-" "Mozilla/5.0 (Linux; U; Android 4.4.2; zh-cn; GT-I9500 Build/KOT49H) AppleWebKit/537.36 (KHTML, like Gecko)Version/4.0 MQQBrowser/5.0 QQ-Manager Mobile Safari/537.36" 9252649
128.195.64.2 - - [05/Jul/2015:01:00:41 -0400] "GET /sfx_local?sid=google&auinit=M&aulast=Capasso&title=Il+rotolo+librario:+fabbricazione,+restauro,+organizzazione+interna&genre=book&isbn=8880860364&date=1995 HTTP/1.1" 200 45426 "https://scholar.google.com/scholar?q=capasso+il+rotolo+librario&btnG=&hl=en&as_sdt=0%2C5" "Mozilla/5.0 (X11; Ubuntu; Linux x86_64; rv:38.0) Gecko/20100101 Firefox/38.0" 15536836
169.236.1.253 - - [05/Jul/2015:01:03:25 -0400] "GET /sfx_local?url_ver=Z39.88-2004&url_ctx_fmt=info:ofi/fmt:kev:mtx:ctx&rft_val_fmt=info:ofi/fmt:kev:mtx:journal&rft.atitle=Labeling%20Live%20Cells%20by%20Copper-Catalyzed%20Alkyne-Azide%20Click%20Chemistry&rft.aufirst=Vu&rft.aulast=Hong&rft.date=2010&rft.epage=1916&rft.genre=article&rft.issn=1043-1802&rft.issue=10&rft.jtitle=BIOCONJUGATE%20CHEMISTRY&rft.pages=1912-1916&rft.spage=1912&rft.stitle=BIOCONJUGATE%20CHEM&rft.volume=21&rfr_id=info:sid/www.isinet.com:WoK:UA&rft.au=Steinmetz%2C%20Nicole%20F%2E&rft.au=Manchester%2C%20Marianne&rft.au=Finn%2C%20M%2E%20G%2E&rft_id=info:pmid/20886827&rft_id=info:doi/10%2E1021%2Fbc100272z HTTP/1.1" 200 12986 "http://apps.webofknowledge.com/full_record.do?product=UA&search_mode=GeneralSearch&qid=25&SID=3APhrpbfVNvVUFfdxmR&page=2&doc=20&cacheurlFromRightClick=no" "Mozilla/5.0 (Macintosh; Intel Mac OS X 10_10_0) AppleWebKit/537.36 (KHTML, like Gecko) Chrome/43.0.2357.130 Safari/537.36" 9813509
137.110.37.128 - - [05/Jul/2015:02:58:04 -0400] "GET /sfx_local?sid=Entrez:PubMed&id=pmid:26009681 HTTP/1.1" 200 59643 "http://www.ncbi.nlm.nih.gov/pubmed/26009681" "Mozilla/5.0 (Macintosh; Intel Mac OS X 10_10_2) AppleWebKit/537.36 (KHTML, like Gecko) Chrome/43.0.2357.130 Safari/537.36" 47457249
54.187.21.198 - - [05/Jul/2015:04:50:23 -0400] "GET /sfx_local?genre=article&sid=MEL:monitor&title=abdominal imaging&char_set=utf8 HTTP/1.1" 200 23561 "-" "check_http/v2.0.1 (nagios-plugins 2.0.1)" 15586365
77.111.90.197 - - [05/Jul/2015:04:49:57 -0400] "GET /sfx_local?sid=SCP:SCP&genre=article&__char_set=utf8&issn=0883-2773 HTTP/1.1" 200 25334 "-" "Mozilla/5.0 (X11; U; Linux i686; en-US; rv:1.9.0.4) Gecko/2008111318 Ubuntu/8.10 (intrepid) Firefox/3.0.4" 42118747
54.187.21.198 - - [05/Jul/2015:04:49:23 -0400] "GET /sfx_local?genre=article&sid=MEL:monitor&title=abdominal imaging&char_set=utf8 HTTP/1.1" 200 23561 "-" "check_http/v2.0.1 (nagios-plugins 2.0.1)" 75708616
128.120.194.195 - - [05/Jul/2015:04:48:43 -0400] "GET /sfx_local?sid=Entrez:PubMed&id=pmid:24283953 HTTP/1.0" 200 39031 "http://www.ncbi.nlm.nih.gov/pubmed/24283953" "Mozilla/5.0 (Windows NT 6.3; WOW64) AppleWebKit/537.36 (KHTML, like Gecko) Chrome/43.0.2357.130 Safari/537.36" 117184961
128.120.194.195 - - [05/Jul/2015:04:49:26 -0400] "GET /sfx_local?url_ver=Z39.88-2004&url_ctx_fmt=info:ofi/fmt:kev:mtx:ctx&rft_val_fmt=info:ofi/fmt:kev:mtx:journal&rft.atitle=CRITICAL%20SURFACE-TENSION%20OF%20WETTING%20OF%20INHERENTLY%20FLOATABLE%20MINERALS&rft.aufirst=S&rft.aulast=KELEBEK&rft.date=1982&rft.epage=109&rft.genre=proceeding&rft.issn=0317-0926&rft.issue=842&rft.jtitle=CIM%20BULLETIN&rft.pages=109-109&rft.spage=109&rft.stitle=CIM%20BULL&rft.volume=75&rfr_id=info:sid/www.isinet.com:WoK:WOS&rft.au=SMITH%2C%20GW HTTP/1.0" 200 38765 "http://apps.webofknowledge.com/summary.do?product=WOS&parentProduct=WOS&search_mode=GeneralSearch&parentQid=3&qid=5&SID=3B1Z69d79ql8hFRbCrb&colName=WOS&&update_back2search_link_param=yes&page=3" "Mozilla/5.0 (Windows NT 6.1; WOW64) AppleWebKit/537.36 (KHTML, like Gecko) Chrome/43.0.2357.130 Safari/537.36" 73888703
128.120.194.195 - - [05/Jul/2015:04:47:12 -0400] "GET /sfx_local?url_ver=Z39.88-2004&url_ctx_fmt=info:ofi/fmt:kev:mtx:ctx&rft_val_fmt=info:ofi/fmt:kev:mtx:journal&rft.atitle=EFFECT%20OF%20ELEMENTAL%20SULFUR%20FORMATION%20ON%20THE%20COLLECTORLESS%20FLOTATION%20RATE%20OF%20CHALCOPYRITE%20AND%20GALENA&rft.aufirst=S&rft.aulast=KELEBEK&rft.date=1985&rft.epage=98&rft.genre=proceeding&rft.issn=0317-0926&rft.issue=878&rft.jtitle=CIM%20BULLETIN&rft.pages=98-98&rft.spage=98&rft.stitle=CIM%20BULL&rft.volume=78&rfr_id=info:sid/www.isinet.com:WoK:WOS&rft.au=SMITH%2C%20GW HTTP/1.0" 200 38899 "http://apps.webofknowledge.com/summary.do?product=WOS&parentProduct=WOS&search_mode=GeneralSearch&parentQid=3&qid=5&SID=3B1Z69d79ql8hFRbCrb&colName=WOS&&update_back2search_link_param=yes&page=3" "Mozilla/5.0 (Windows NT 6.1; WOW64) AppleWebKit/537.36 (KHTML, like Gecko) Chrome/43.0.2357.130 Safari/537.36" 208636345
128.120.194.195 - - [05/Jul/2015:04:49:38 -0400] "GET /sfx_local?url_ver=Z39.88-2004&url_ctx_fmt=info:ofi/fmt:kev:mtx:ctx&rft_val_fmt=info:ofi/fmt:kev:mtx:journal&rft.atitle=Eye-witness%20memory%20and%20suggestibility%20in%20children%20with%20Asperger%20syndrome&rft.aufirst=Eamon&rft.aulast=McCrory&rft.date=2007&rft.epage=489&rft.genre=article&rft.issn=0021-9630&rft.issue=5&rft.jtitle=JOURNAL%20OF%20CHILD%20PSYCHOLOGY%20AND%20PSYCHIATRY&rft.pages=482-489&rft.spage=482&rft.stitle=J%20CHILD%20PSYCHOL%20PSYC&rft.volume=48&rfr_id=info:sid/www.isinet.com:WoK:UA&rft.au=Henry%2C%20Lucy%20A%2E&rft.au=Happe%2C%20Francesca&rft_id=info:pmid/17501729&rft_id=info:doi/10%2E1111%2Fj%2E1469-7610%2E2006%2E01715%2Ex HTTP/1.0" 200 13358 "http://apps.webofknowledge.com/full_record.do?product=UA&search_mode=GeneralSearch&qid=9&SID=2Ddo7g1sTNauYQDQ2Cw&page=1&doc=7" "Mozilla/5.0 (Windows NT 6.3) AppleWebKit/537.36 (KHTML, like Gecko) Chrome/43.0.2357.130 Safari/537.36" 62759969
128.120.194.195 - - [05/Jul/2015:04:47:57 -0400] "GET /sfx_local?url_ver=Z39.88-2004&url_ctx_fmt=info:ofi/fmt:kev:mtx:ctx&rft_val_fmt=info:ofi/fmt:kev:mtx:journal&rft.atitle=Eye-witness%20memory%20and%20suggestibility%20in%20children%20with%20Asperger%20syndrome&rft.aufirst=Eamon&rft.aulast=McCrory&rft.date=2007&rft.epage=489&rft.genre=article&rft.issn=0021-9630&rft.issue=5&rft.jtitle=JOURNAL%20OF%20CHILD%20PSYCHOLOGY%20AND%20PSYCHIATRY&rft.pages=482-489&rft.spage=482&rft.stitle=J%20CHILD%20PSYCHOL%20PSYC&rft.volume=48&rfr_id=info:sid/www.isinet.com:WoK:UA&rft.au=Henry%2C%20Lucy%20A%2E&rft.au=Happe%2C%20Francesca&rft_id=info:pmid/17501729&rft_id=info:doi/10%2E1111%2Fj%2E1469-7610%2E2006%2E01715%2Ex HTTP/1.0" 200 13358 "http://apps.webofknowledge.com/Search.do?product=UA&SID=2Ddo7g1sTNauYQDQ2Cw&search_mode=GeneralSearch&prID=b3af1033-1a53-4cb3-b805-61352775d78a" "Mozilla/5.0 (Windows NT 6.3) AppleWebKit/537.36 (KHTML, like Gecko) Chrome/43.0.2357.130 Safari/537.36" 163085999
128.120.194.195 - - [05/Jul/2015:04:47:19 -0400] "GET /sfx_local?url_ver=Z39.88-2004&url_ctx_fmt=info:ofi/fmt:kev:mtx:ctx&rft_val_fmt=info:ofi/fmt:kev:mtx:journal&rft.atitle=Eye-witness%20memory%20and%20suggestibility%20in%20children%20with%20Asperger%20syndrome&rft.aufirst=Eamon&rft.aulast=McCrory&rft.date=2007&rft.epage=489&rft.genre=article&rft.issn=0021-9630&rft.issue=5&rft.jtitle=JOURNAL%20OF%20CHILD%20PSYCHOLOGY%20AND%20PSYCHIATRY&rft.pages=482-489&rft.spage=482&rft.stitle=J%20CHILD%20PSYCHOL%20PSYC&rft.volume=48&rfr_id=info:sid/www.isinet.com:WoK:UA&rft.au=Henry%2C%20Lucy%20A%2E&rft.au=Happe%2C%20Francesca&rft_id=info:pmid/17501729&rft_id=info:doi/10%2E1111%2Fj%2E1469-7610%2E2006%2E01715%2Ex HTTP/1.0" 200 13358 "http://apps.webofknowledge.com/Search.do?product=UA&SID=2Ddo7g1sTNauYQDQ2Cw&search_mode=GeneralSearch&prID=b3af1033-1a53-4cb3-b805-61352775d78a" "Mozilla/5.0 (Windows NT 6.3) AppleWebKit/537.36 (KHTML, like Gecko) Chrome/43.0.2357.130 Safari/537.36" 201189703
128.97.245.236 - - [05/Jul/2015:04:46:22 -0400] "GET /sfx_local?sid=google&auinit=G&aulast=Winthrop-Young&atitle=Cultural+techniques:+Preliminary+remarks&id=doi:10.1177/0263276413500828 HTTP/1.1" 200 9342 "https://scholar.google.com/" "Mozilla/5.0 (X11; Linux x86_64) AppleWebKit/537.36 (KHTML, like Gecko) Chrome/43.0.2357.130 Safari/537.36" 258790014
128.97.245.236 - - [05/Jul/2015:04:46:31 -0400] "GET /sfx_local?sid=google&auinit=G&aulast=Winthrop-Young&atitle=On+a+species+of+origin:+Luhmann%27s+Darwin&id=doi:10.1353/con.2004.0030&title=Configurations&volume=11&issue=3&date=2004&spage=305&issn=1063-1801 HTTP/1.1" 200 9653 "https://scholar.google.com/" "Mozilla/5.0 (X11; Linux x86_64) AppleWebKit/537.36 (KHTML, like Gecko) Chrome/43.0.2357.130 Safari/537.36" 249633656
59.172.176.43 - - [05/Jul/2015:04:50:06 -0400] "GET /sfx_local?url_ver=Z39.88-2004&url_ctx_fmt=info:ofi/fmt:kev:mtx:ctx&rft_val_fmt=info:ofi/fmt:kev:mtx:journal&rft.atitle=Adsorption%20of%20phenols%20from%20wastewater&rft.aufirst=M&rft.aulast=Ahmaruzzaman&rft.date=2005&rft.epage=24&rft.genre=article&rft.issn=0021-9797&rft.issue=1&rft.jtitle=JOURNAL%20OF%20COLLOID%20AND%20INTERFACE%20SCIENCE&rft.pages=14-24&rft.spage=14&rft.stitle=J%20COLLOID%20INTERF%20SCI&rft.volume=287&rfr_id=info:sid/www.isinet.com:WoK:WOS&rft.au=Sharma%2C%20DK&rft_id=info:pmid/15914144&rft_id=info:doi/10%2E1016%2Fj%2Ejcis%2E2005%2E01%2E075 HTTP/1.1" 200 37270 "-" "Mozilla/4.0 (compatible; MSIE 8.0; Windows NT 6.1; Trident/4.0; SLCC2; .NET CLR 2.0.50727; .NET CLR 3.5.30729; .NET CLR 3.0.30729; InfoPath.3)" 35007636
128.97.245.236 - - [05/Jul/2015:04:47:22 -0400] "GET /sfx_local?sid=SCP:SCP&genre=article&__char_set=utf8&issn=0094-033X HTTP/1.1" 200 32060 "http://ucla.worldcat.org/title/new-german-critique-ngc/oclc/1793512&referer=brief_results" "Mozilla/5.0 (X11; Linux x86_64) AppleWebKit/537.36 (KHTML, like Gecko) Chrome/43.0.2357.130 Safari/537.36" 498232781
42.156.139.71 - - [05/Jul/2015:09:05:44 -0400] "GET /sfx_local?sid=SCP:SCP&genre=article&__char_set=utf8&issn=1462-5814 HTTP/1.1" 200 38938 "-" "YisouSpider" 28198504
42.156.137.71 - - [05/Jul/2015:09:06:16 -0400] "GET /sfx_local?sid=SCP:SCP&genre=article&__char_set=utf8&issn=1386-3509 HTTP/1.1" 200 23986 "-" "YisouSpider" 42135311
42.156.137.71 - - [05/Jul/2015:09:07:54 -0400] "GET /sfx_local?sid=SCP:SCP&genre=article&__char_set=utf8&issn=0167-9899 HTTP/1.1" 200 26219 "-" "YisouSpider" 9454882
42.156.136.71 - - [05/Jul/2015:09:09:51 -0400] "GET /sfx_local?sid=SCP:SCP&genre=article&__char_set=utf8&issn=0886-5558 HTTP/1.1" 200 37862 "-" "YisouSpider" 14603947
42.156.137.71 - - [05/Jul/2015:09:11:47 -0400] "GET /sfx_local?sid=SCP:SCP&genre=article&__char_set=utf8&issn=0006-3568 HTTP/1.1" 200 51705 "-" "YisouSpider" 13514633
132.174.255.215 - - [05/Jul/2015:13:37:28 -0400] "GET /sfx_local?sid=Entrez:PubMed&id=pmid:20974782 HTTP/1.1" 200 10131 "http://www.ncbi.nlm.nih.gov/pubmed/?term=Interpreting+Complete+Blood+Counts+Soon+After+Birth+in+Newborns+at+Risk+for+Sepsis" "Mozilla/4.0 (compatible; MSIE 8.0; Windows NT 6.1; Trident/4.0; SLCC2; .NET CLR 2.0.50727; .NET CLR 3.5.30729; .NET CLR 3.0.30729; Media Center PC 6.0; .NET4.0C; .NET4.0E)" 11119104
152.79.255.195 - - [05/Jul/2015:20:54:44 -0400] "GET /sfx_local?sid=Entrez:PubMed&id=pmid:23242979 HTTP/1.1" 200 10694 "http://www.ncbi.nlm.nih.gov/pubmed/23242979" "Mozilla/4.0 (compatible; MSIE 8.0; Windows NT 6.1; WOW64; Trident/4.0; SLCC2; .NET CLR 2.0.50727; .NET CLR 3.5.30729; .NET CLR 3.0.30729; .NET4.0C; .NET4.0E)" 17714646
128.111.121.42 - - [05/Jul/2015:21:15:54 -0400] "GET /sfx_local?genre=article&issn=03638111&title=Public%20Relations%20Review&volume=39&issue=4&date=20131101&atitle=Fostering%20democracy%20through%20social%20media%3A%20Evaluating%20diametrically%20opposed%20nonprofit%20advocacy%20organizations%E2%80%99%20use%20of%20Facebook%2C%20Twitter%2C%20and%20YouTube.&spage=369&sid=EBSCO:a9h&pid= HTTP/1.1" 502 481 "http://web.b.ebscohost.com/ehost/detail/detail?vid=4&sid=04ffc30c-c565-4590-acae-771919e1cbee%40sessionmgr110&hid=115&bdata=JnNpdGU9ZWhvc3QtbGl2ZQ%3d%3d" "Mozilla/5.0 (Macintosh; Intel Mac OS X 10_9_3) AppleWebKit/537.75.14 (KHTML, like Gecko) Version/7.0.3 Safari/537.75.14" 300100689
169.230.243.252 - - [05/Jul/2015:21:16:07 -0400] "GET /sfx_local?sid=Entrez:PubMed&id=pmid:2311274 HTTP/1.1" 502 481 "http://www.ncbi.nlm.nih.gov/pubmed/?term=Two+tuberculides+in+one+patient%E2%80%94a+case+report+of+papulonecrotic+tuberculide+and+erythema+induratum+occurring+together" "Mozilla/5.0 (Macintosh; Intel Mac OS X 10_9_5) AppleWebKit/600.6.3 (KHTML, like Gecko) Version/7.1.6 Safari/537.85.15" 300101831
128.111.121.42 - - [05/Jul/2015:21:16:19 -0400] "GET /sfx_local?url_ver=Z39.88-2004&url_ctx_fmt=info:ofi/fmt:kev:mtx:ctx&rft_val_fmt=info:ofi/fmt:kev:mtx:journal&rft.atitle=Communications%20need%20NIH%20funding&rft.aufirst=Judith%20S%2E&rft.aulast=Bond&rft.date=2013&rft.epage=565&rft.genre=article&rft.issn=0028-0836&rft.issue=7451&rft.jtitle=NATURE&rft.pages=565-565&rft.spage=565&rft.stitle=NATURE&rft.volume=497&rfr_id=info:sid/www.isinet.com:WoK:UA&rft.au=Drehman%2C%20Bethany&rft_id=info:pmid/23719453 HTTP/1.1" 502 481 "http://apps.webofknowledge.com/Search.do?product=UA&SID=2F7k4SbxaMtKCrn3eMk&search_mode=GeneralSearch&prID=a286a70d-9e54-48b3-9b30-86c26cfb790b" "Mozilla/5.0 (Windows NT 6.1; WOW64) AppleWebKit/537.36 (KHTML, like Gecko) Chrome/42.0.2311.152 Safari/537.36" 300101974
50.255.18.101 - - [05/Jul/2015:21:16:32 -0400] "GET /sfx_local?ctx_enc=info%3Aofi%2Fenc%3AUTF-8&ctx_id=10_1&ctx_tim=2015-07-05T21%3A16%3A32EDT&ctx_ver=Z39.88-2004&rfr_id=info%3Asid%2Fsfx%3Acitation&rft.atitle=Autism+Occurrence+by+MMR+Vaccine+Status+Among+US+Children+With+Older+Siblings+With+and+Without+Autism&rft.date=2015-04-21&rft.genre=article&rft.jtitle=JAMA&rft_val_fmt=info%3Aofi%2Ffmt%3Akev%3Amtx%3Ajournal&url_ctx_fmt=info%3Aofi%2Ffmt%3Akev%3Amtx%3Actx&url_ver=Z39.88-2004 HTTP/1.1" 502 481 "http://ucelinks.cdlib.org:8888/sfx_local/cgi/core/citation-linker.cgi" "Mozilla/5.0 (Macintosh; Intel Mac OS X 10_10_4) AppleWebKit/537.36 (KHTML, like Gecko) Chrome/43.0.2357.130 Safari/537.36" 300020211
169.230.243.252 - - [05/Jul/2015:21:16:36 -0400] "GET /sfx_local?sid=Entrez:PubMed&id=pmid:2311274 HTTP/1.1" 502 481 "http://www.ncbi.nlm.nih.gov/pubmed/?term=Two+tuberculides+in+one+patient%E2%80%94a+case+report+of+papulonecrotic+tuberculide+and+erythema+induratum+occurring+together" "Mozilla/5.0 (Macintosh; Intel Mac OS X 10_9_5) AppleWebKit/600.6.3 (KHTML, like Gecko) Version/7.1.6 Safari/537.85.15" 300101768
169.230.243.252 - - [05/Jul/2015:21:16:37 -0400] "GET /sfx_local?sid=Entrez:PubMed&id=pmid:2311274 HTTP/1.1" 502 481 "http://www.ncbi.nlm.nih.gov/pubmed/?term=Two+tuberculides+in+one+patient%E2%80%94a+case+report+of+papulonecrotic+tuberculide+and+erythema+induratum+occurring+together" "Mozilla/5.0 (Macintosh; Intel Mac OS X 10_9_5) AppleWebKit/600.6.3 (KHTML, like Gecko) Version/7.1.6 Safari/537.85.15" 300101901
128.97.245.168 - - [05/Jul/2015:21:16:55 -0400] "GET /sfx_local?sid=CAS%3ACAPLUS&issn=0021-9258&volume=289&issue=48&coden=JBCHA3&genre=article&date=2014&spage=33701&epage=33711&title=Journal%20of%20Biological%20Chemistry&stitle=J.%20Biol.%20Chem.&atitle=Mechanistic%20Insights%20into%20Allosteric%20Structure-Function%20Relationships%20at%20the%20M1%20Muscarinic%20Acetylcholine%20Receptor&id=doi%3A10.1074%2Fjbc.M114.604967&aulast=Abdul-Ridha&aufirst=Alaa&pid=%3Cauthfull%3EAbdul-Ridha%2C%20Alaa%3C%2Fauthfull%3E%3Csource%3EJournal%20of%20Biological%20Chemistry%20(2014)%2C%20289%2C%20(48)%2C%2033701-33711.%20Publisher%3A%20(American%20Society%20for%20Biochemistry%20and%20Molecular%20Biology%2C%20)%20CODEN%3AJBCHA3%20ISSN%3A0021-9258.%3C%2Fsource%3E HTTP/1.1" 502 481 "-" "Mozilla/5.0 (Windows NT 6.1) AppleWebKit/537.36 (KHTML, like Gecko) Chrome/31.0.1650.63 Safari/537.36" 300102002
132.239.136.2 - - [05/Jul/2015:21:17:01 -0400] "GET /sfx_local?sid=Entrez:PubMed&id=pmid:19920700 HTTP/1.1" 502 481 "http://www.ncbi.nlm.nih.gov/pubmed/19920700" "Mozilla/5.0 (compatible; MSIE 9.0; Windows NT 6.1; WOW64; Trident/5.0)" 300103394
169.230.243.252 - - [05/Jul/2015:21:17:06 -0400] "GET /sfx_local?sid=Entrez:PubMed&id=pmid:2311274 HTTP/1.1" 502 481 "http://www.ncbi.nlm.nih.gov/pubmed/?term=Two+tuberculides+in+one+patient%E2%80%94a+case+report+of+papulonecrotic+tuberculide+and+erythema+induratum+occurring+together" "Mozilla/5.0 (Macintosh; Intel Mac OS X 10_9_5) AppleWebKit/600.6.3 (KHTML, like Gecko) Version/7.1.6 Safari/537.85.15" 300100981
169.230.243.252 - - [05/Jul/2015:21:17:07 -0400] "GET /sfx_local?sid=Entrez:PubMed&id=pmid:2311274 HTTP/1.1" 502 481 "http://www.ncbi.nlm.nih.gov/pubmed/?term=Two+tuberculides+in+one+patient%E2%80%94a+case+report+of+papulonecrotic+tuberculide+and+erythema+induratum+occurring+together" "Mozilla/5.0 (Macintosh; Intel Mac OS X 10_9_5) AppleWebKit/600.6.3 (KHTML, like Gecko) Version/7.1.6 Safari/537.85.15" 300101794
128.111.121.42 - - [05/Jul/2015:21:17:19 -0400] "GET /sfx_local?url_ver=Z39.88-2004&url_ctx_fmt=info:ofi/fmt:kev:mtx:ctx&rft_val_fmt=info:ofi/fmt:kev:mtx:journal&rft.atitle=Communications%20need%20NIH%20funding&rft.aufirst=Judith%20S%2E&rft.aulast=Bond&rft.date=2013&rft.epage=565&rft.genre=article&rft.issn=0028-0836&rft.issue=7451&rft.jtitle=NATURE&rft.pages=565-565&rft.spage=565&rft.stitle=NATURE&rft.volume=497&rfr_id=info:sid/www.isinet.com:WoK:UA&rft.au=Drehman%2C%20Bethany&rft_id=info:pmid/23719453 HTTP/1.1" 502 481 "-" "Mozilla/5.0 (Windows NT 6.1; WOW64) AppleWebKit/537.36 (KHTML, like Gecko) Chrome/42.0.2311.152 Safari/537.36" 300101930
169.230.243.252 - - [05/Jul/2015:21:17:29 -0400] "GET /sfx_local?sid=Entrez:PubMed&id=pmid:2311274 HTTP/1.1" 502 481 "http://www.ncbi.nlm.nih.gov/pubmed/?term=Two+tuberculides+in+one+patient%E2%80%94a+case+report+of+papulonecrotic+tuberculide+and+erythema+induratum+occurring+together" "Mozilla/5.0 (Macintosh; Intel Mac OS X 10_9_5) AppleWebKit/600.6.3 (KHTML, like Gecko) Version/7.1.6 Safari/537.85.15" 300076725
169.230.243.252 - - [05/Jul/2015:21:17:36 -0400] "GET /sfx_local?sid=Entrez:PubMed&id=pmid:2311274 HTTP/1.1" 502 481 "http://www.ncbi.nlm.nih.gov/pubmed/?term=Two+tuberculides+in+one+patient%E2%80%94a+case+report+of+papulonecrotic+tuberculide+and+erythema+induratum+occurring+together" "Mozilla/5.0 (Macintosh; Intel Mac OS X 10_9_5) AppleWebKit/600.6.3 (KHTML, like Gecko) Version/7.1.6 Safari/537.85.15" 300015593
169.230.243.252 - - [05/Jul/2015:21:17:37 -0400] "GET /sfx_local?sid=Entrez:PubMed&id=pmid:2311274 HTTP/1.1" 502 481 "http://www.ncbi.nlm.nih.gov/pubmed/?term=Two+tuberculides+in+one+patient%E2%80%94a+case+report+of+papulonecrotic+tuberculide+and+erythema+induratum+occurring+together" "Mozilla/5.0 (Macintosh; Intel Mac OS X 10_9_5) AppleWebKit/600.6.3 (KHTML, like Gecko) Version/7.1.6 Safari/537.85.15" 300033064
50.255.18.101 - - [05/Jul/2015:21:17:38 -0400] "GET /sfx_local?ctx_enc=info%3Aofi%2Fenc%3AUTF-8&ctx_id=10_1&ctx_tim=2015-07-05T21%3A17%3A38EDT&ctx_ver=Z39.88-2004&rfr_id=info%3Asid%2Fsfx%3Acitation&rft.atitle=Autism+Occurrence+by+MMR+Vaccine+Status+Among+US+Children+With+Older+Siblings+With+and+Without+Autism&rft.date=2015-04-21&rft.genre=article&rft.jtitle=Journal+of+the+American+Medical+Association&rft_val_fmt=info%3Aofi%2Ffmt%3Akev%3Amtx%3Ajournal&url_ctx_fmt=info%3Aofi%2Ffmt%3Akev%3Amtx%3Actx&url_ver=Z39.88-2004 HTTP/1.1" 502 481 "http://ucelinks.cdlib.org:8888/sfx_local/cgi/core/citation-linker.cgi" "Mozilla/5.0 (Macintosh; Intel Mac OS X 10_10_4) AppleWebKit/537.36 (KHTML, like Gecko) Chrome/43.0.2357.130 Safari/537.36" 300102097
128.111.121.42 - - [05/Jul/2015:21:17:48 -0400] "GET /sfx_local?genre=article&issn=03638111&title=Public%20Relations%20Review&volume=39&issue=4&date=20131101&atitle=Fostering%20democracy%20through%20social%20media%3A%20Evaluating%20diametrically%20opposed%20nonprofit%20advocacy%20organizations%E2%80%99%20use%20of%20Facebook%2C%20Twitter%2C%20and%20YouTube.&spage=369&sid=EBSCO:a9h&pid= HTTP/1.1" 502 481 "http://web.b.ebscohost.com/ehost/detail/detail?vid=6&sid=94264faf-1792-45dc-94d8-868bf2aeebe5%40sessionmgr114&hid=115&bdata=JnNpdGU9ZWhvc3QtbGl2ZQ%3d%3d" "Mozilla/5.0 (Macintosh; Intel Mac OS X 10_9_3) AppleWebKit/537.75.14 (KHTML, like Gecko) Version/7.0.3 Safari/537.75.14" 300101865
128.97.245.168 - - [05/Jul/2015:21:17:52 -0400] "GET /sfx_local?sid=CAS%3ACAPLUS&issn=0021-9258&volume=289&issue=48&coden=JBCHA3&genre=article&date=2014&spage=33701&epage=33711&title=Journal%20of%20Biological%20Chemistry&stitle=J.%20Biol.%20Chem.&atitle=Mechanistic%20Insights%20into%20Allosteric%20Structure-Function%20Relationships%20at%20the%20M1%20Muscarinic%20Acetylcholine%20Receptor&id=doi%3A10.1074%2Fjbc.M114.604967&aulast=Abdul-Ridha&aufirst=Alaa&pid=%3Cauthfull%3EAbdul-Ridha%2C%20Alaa%3C%2Fauthfull%3E%3Csource%3EJournal%20of%20Biological%20Chemistry%20(2014)%2C%20289%2C%20(48)%2C%2033701-33711.%20Publisher%3A%20(American%20Society%20for%20Biochemistry%20and%20Molecular%20Biology%2C%20)%20CODEN%3AJBCHA3%20ISSN%3A0021-9258.%3C%2Fsource%3E HTTP/1.1" 502 481 "-" "Mozilla/5.0 (Windows NT 6.1) AppleWebKit/537.36 (KHTML, like Gecko) Chrome/31.0.1650.63 Safari/537.36" 300101509
99.107.201.225 - - [05/Jul/2015:21:17:54 -0400] "GET /sfx_local?url_ver=Z39.88-2004&url_ctx_fmt=info:ofi/fmt:kev:mtx:ctx&rft_val_fmt=info:ofi/fmt:kev:mtx:journal&rft.atitle=Diet%20of%20Upper%20Paleolithic%20Modern%20Humans%3A%20Evidence%20From%20Microwear%20Texture%20Analysis&rft.auinit=S&rft.aulast=El%20Zaatari&rft.date=2014&rft.epage=581&rft.issn=0002-9483&rft.issue=4&rfr_id=info%3Asid%2Fwww%2Eisinet%2Ecom%3ARS%3AEndNoteWeb&rft.spage=570&rft.title=American%20Journal%20of%20Physical%20Anthropology&rft.volume=153&rft.au=Hublin%2C%20J%2E%20J%2E&rft.genre=unknown&rft_id=info:doi/10%2E1002%2Fajpa%2E22457 HTTP/1.1" 502 481 "-" "Mozilla/5.0 (Macintosh; Intel Mac OS X 10_10_3) AppleWebKit/600.5.17 (KHTML, like Gecko) Version/8.0.5 Safari/600.5.17" 300101558
169.230.243.252 - - [05/Jul/2015:21:17:59 -0400] "GET /sfx_local?sid=Entrez:PubMed&id=pmid:2311274 HTTP/1.1" 502 481 "http://www.ncbi.nlm.nih.gov/pubmed/?term=Two+tuberculides+in+one+patient%E2%80%94a+case+report+of+papulonecrotic+tuberculide+and+erythema+induratum+occurring+together" "Mozilla/5.0 (Macintosh; Intel Mac OS X 10_9_5) AppleWebKit/600.6.3 (KHTML, like Gecko) Version/7.1.6 Safari/537.85.15" 300082593
169.230.243.252 - - [05/Jul/2015:21:18:00 -0400] "GET /sfx_local?sid=Entrez:PubMed&id=pmid:2311274 HTTP/1.1" 502 481 "http://www.ncbi.nlm.nih.gov/pubmed/?term=Two+tuberculides+in+one+patient%E2%80%94a+case+report+of+papulonecrotic+tuberculide+and+erythema+induratum+occurring+together" "Mozilla/5.0 (Macintosh; Intel Mac OS X 10_9_5) AppleWebKit/600.6.3 (KHTML, like Gecko) Version/7.1.6 Safari/537.85.15" 300022386
169.230.243.252 - - [05/Jul/2015:21:18:06 -0400] "GET /sfx_local?sid=Entrez:PubMed&id=pmid:2311274 HTTP/1.1" 502 481 "http://www.ncbi.nlm.nih.gov/pubmed/?term=Two+tuberculides+in+one+patient%E2%80%94a+case+report+of+papulonecrotic+tuberculide+and+erythema+induratum+occurring+together" "Mozilla/5.0 (Macintosh; Intel Mac OS X 10_9_5) AppleWebKit/600.6.3 (KHTML, like Gecko) Version/7.1.6 Safari/537.85.15" 300100806
169.230.243.252 - - [05/Jul/2015:21:18:07 -0400] "GET /sfx_local?sid=Entrez:PubMed&id=pmid:2311274 HTTP/1.1" 502 481 "http://www.ncbi.nlm.nih.gov/pubmed/?term=Two+tuberculides+in+one+patient%E2%80%94a+case+report+of+papulonecrotic+tuberculide+and+erythema+induratum+occurring+together" "Mozilla/5.0 (Macintosh; Intel Mac OS X 10_9_5) AppleWebKit/600.6.3 (KHTML, like Gecko) Version/7.1.6 Safari/537.85.15" 300101558
169.234.213.81 - - [05/Jul/2015:21:18:16 -0400] "GET /sfx_local?sid=google&auinit=TJ&aulast=Gerpott&atitle=Empirical+research+on+mobile+Internet+usage:+A+meta-analysis+of+the+literature&id=doi:10.1016/j.telpol.2013.10.003&title=Telecommunications+policy&volume=38&issue=3&date=2014&spage=291&issn=0308-5961 HTTP/1.1" 502 481 "https://scholar.google.com" "Mozilla/5.0 (Windows NT 6.1; WOW64; rv:39.0) Gecko/20100101 Firefox/39.0" 300100828
128.111.121.42 - - [05/Jul/2015:21:18:24 -0400] "GET /sfx_local?genre=article&issn=03638111&title=Public%20Relations%20Review&volume=39&issue=4&date=20131101&atitle=Fostering%20democracy%20through%20social%20media%3A%20Evaluating%20diametrically%20opposed%20nonprofit%20advocacy%20organizations%E2%80%99%20use%20of%20Facebook%2C%20Twitter%2C%20and%20YouTube.&spage=369&sid=EBSCO:a9h&pid= HTTP/1.1" 502 481 "http://web.b.ebscohost.com/ehost/detail/detail?vid=7&sid=94264faf-1792-45dc-94d8-868bf2aeebe5%40sessionmgr114&hid=115&bdata=JnNpdGU9ZWhvc3QtbGl2ZQ%3d%3d" "Mozilla/5.0 (Macintosh; Intel Mac OS X 10_9_3) AppleWebKit/537.75.14 (KHTML, like Gecko) Version/7.0.3 Safari/537.75.14" 300101555
169.230.243.252 - - [05/Jul/2015:21:18:29 -0400] "GET /sfx_local?sid=Entrez:PubMed&id=pmid:2311274 HTTP/1.1" 502 481 "http://www.ncbi.nlm.nih.gov/pubmed/?term=Two+tuberculides+in+one+patient%E2%80%94a+case+report+of+papulonecrotic+tuberculide+and+erythema+induratum+occurring+together" "Mozilla/5.0 (Macintosh; Intel Mac OS X 10_9_5) AppleWebKit/600.6.3 (KHTML, like Gecko) Version/7.1.6 Safari/537.85.15" 300101576
169.230.243.252 - - [05/Jul/2015:21:18:30 -0400] "GET /sfx_local?sid=Entrez:PubMed&id=pmid:2311274 HTTP/1.1" 502 481 "http://www.ncbi.nlm.nih.gov/pubmed/?term=Two+tuberculides+in+one+patient%E2%80%94a+case+report+of+papulonecrotic+tuberculide+and+erythema+induratum+occurring+together" "Mozilla/5.0 (Macintosh; Intel Mac OS X 10_9_5) AppleWebKit/600.6.3 (KHTML, like Gecko) Version/7.1.6 Safari/537.85.15" 300102819
128.195.64.2 - - [05/Jul/2015:21:18:32 -0400] "GET /sfx_local?url_ver=Z39.88-2004&rft_val_fmt=info:ofi/fmt:kev:mtx:journal&genre=article&sid=ProQ:ProQ%3Aericshell&atitle=A+Comparison+of+Predictors+of+Early+Emerging+Gender+Differences+in+Mathematics+Competency&title=Learning+and+Individual+Differences&issn=10416080&date=2008-01-01&volume=18&issue=1&spage=61&au=Carr%2C+Martha%3BSteiner%2C+Hillary+Hettinger%3BKyser%2C+Brandon%3BBiddlecomb%2C+Barry&isbn=&jtitle=Learning+and+Individual+Differences&btitle=&rft_id=info:eric/EJ786705&rft_id=info:doi/ HTTP/1.1" 502 481 "http://search.proquest.com/eric/results/59A0418D69E94A56PQ/1/$7b$22limiters$22:$5b$5d,$22additionalnavs$22:$5b$5d,$22v$22:$221$22,$22sort$22:$22relevance$22,$22param$22:$7b$22NAVIGATORS$22:$22navsummarynav,sourcetypenav,pubtitlenav,languagenav$28filter$3d200$2f0$2f*$29,decadenav$28filter$3d110$2f0$2f*,sort$3dname$2fascending$29,yearnav$28filter$3d1100$2f0$2f*,sort$3dname$2fascending$29,yearmonthnav$28filter$3d120$2f0$2f*,sort$3dname$2fascending$29,monthnav$28sort$3dname$2fascending$29,daynav$28sort$3dname$2fascending$29$22,$22RS$22:$22OP$22,$22flags$22:$22PeerReview$22,$22chunkSize$22:$2220$22,$22instance$22:$22prod.academic$22,$22ftblock$22:$22740842+1+660848+670831+194104+194001+670829+194000+660843+660840+104$22,$22removeDuplicates$22:$22true$22$7d,$22serializer$22:$22std1.4$22,$22searchterms$22:$5b$7b$22name$22:$22$22,$22qry$22:$22mathematics+AND+$28gender+differences$29+AND+strategies$22,$22fld$22:$22citationBody$22,$22top$22:$22AND$22$7d$5d,$22meta$22:$7b$22UsageSearchMode$22:$22QuickSearch$22,$22dbselections$22:$2210000150$22,$22SEARCH_ID_TIMESTAMP$22:$221436145490286$22,$22fdbok$22:$22N$22$7d,$22querytype$22:$22basic:ericshell$22$7d?accountid=14509" "Mozilla/5.0 (Macintosh; Intel Mac OS X 10_8_5) AppleWebKit/600.6.3 (KHTML, like Gecko) Version/6.2.6 Safari/537.85.15" 300188721
169.230.243.252 - - [05/Jul/2015:21:18:36 -0400] "GET /sfx_local?sid=Entrez:PubMed&id=pmid:2311274 HTTP/1.1" 502 481 "http://www.ncbi.nlm.nih.gov/pubmed/?term=Two+tuberculides+in+one+patient%E2%80%94a+case+report+of+papulonecrotic+tuberculide+and+erythema+induratum+occurring+together" "Mozilla/5.0 (Macintosh; Intel Mac OS X 10_9_5) AppleWebKit/600.6.3 (KHTML, like Gecko) Version/7.1.6 Safari/537.85.15" 300073413
169.230.243.252 - - [05/Jul/2015:21:18:37 -0400] "GET /sfx_local?sid=Entrez:PubMed&id=pmid:2311274 HTTP/1.1" 502 481 "http://www.ncbi.nlm.nih.gov/pubmed/?term=Two+tuberculides+in+one+patient%E2%80%94a+case+report+of+papulonecrotic+tuberculide+and+erythema+induratum+occurring+together" "Mozilla/5.0 (Macintosh; Intel Mac OS X 10_9_5) AppleWebKit/600.6.3 (KHTML, like Gecko) Version/7.1.6 Safari/537.85.15" 300101567
50.255.18.101 - - [05/Jul/2015:21:18:40 -0400] "GET /sfx_local?ctx_enc=info%3Aofi%2Fenc%3AUTF-8&ctx_id=10_1&ctx_tim=2015-07-05T21%3A18%3A40EDT&ctx_ver=Z39.88-2004&rfr_id=info%3Asid%2Fsfx%3Acitation&rft.atitle=Autism+Occurrence+by+MMR+Vaccine+Status+Among+US+Children+With+Older+Siblings+With+and+Without+Autism&rft.aufirst=Anjali&rft.aulast=Jain&rft.date=2015-04-21&rft.genre=article&rft.issue=15&rft.jtitle=Journal+of+the+American+Medical+Association&rft.volume=313&rft_id=info%3Adoi%2F10.1001%2Fjama.2015.3077&rft_val_fmt=info%3Aofi%2Ffmt%3Akev%3Amtx%3Ajournal&url_ctx_fmt=info%3Aofi%2Ffmt%3Akev%3Amtx%3Actx&url_ver=Z39.88-2004 HTTP/1.1" 502 481 "http://ucelinks.cdlib.org:8888/sfx_local/cgi/core/citation-linker.cgi" "Mozilla/5.0 (Macintosh; Intel Mac OS X 10_10_4) AppleWebKit/537.36 (KHTML, like Gecko) Chrome/43.0.2357.130 Safari/537.36" 300087821
128.111.121.42 - - [05/Jul/2015:21:18:48 -0400] "GET /sfx_local?genre=article&issn=15588742&title=Journal%20of%20Policy%20Practice&volume=13&issue=4&date=20141001&atitle=E-advocacy%20in%20Human%20Services%3A%20The%20Impact%20of%20Organizational%20Conditions%20and%20Characteristics%20on%20Electronic%20Advocacy%20Activities%20among%20Nonprofits.&spage=300&sid=EBSCO:a9h&pid= HTTP/1.1" 502 481 "http://web.b.ebscohost.com/ehost/detail/detail?vid=8&sid=94264faf-1792-45dc-94d8-868bf2aeebe5%40sessionmgr114&hid=115&bdata=JnNpdGU9ZWhvc3QtbGl2ZQ%3d%3d" "Mozilla/5.0 (Macintosh; Intel Mac OS X 10_9_3) AppleWebKit/537.75.14 (KHTML, like Gecko) Version/7.0.3 Safari/537.75.14" 300101699
128.195.64.2 - - [05/Jul/2015:21:18:58 -0400] "GET /sfx_local?url_ver=Z39.88-2004&rft_val_fmt=info:ofi/fmt:kev:mtx:journal&genre=article&sid=ProQ:ProQ%3Aericshell&atitle=A+Comparison+of+Predictors+of+Early+Emerging+Gender+Differences+in+Mathematics+Competency&title=Learning+and+Individual+Differences&issn=10416080&date=2008-01-01&volume=18&issue=1&spage=61&au=Carr%2C+Martha%3BSteiner%2C+Hillary+Hettinger%3BKyser%2C+Brandon%3BBiddlecomb%2C+Barry&isbn=&jtitle=Learning+and+Individual+Differences&btitle=&rft_id=info:eric/EJ786705&rft_id=info:doi/ HTTP/1.1" 502 481 "-" "Mozilla/5.0 (Macintosh; Intel Mac OS X 10_8_5) AppleWebKit/600.6.3 (KHTML, like Gecko) Version/6.2.6 Safari/537.85.15" 300004967
169.230.243.252 - - [05/Jul/2015:21:18:59 -0400] "GET /sfx_local?sid=Entrez:PubMed&id=pmid:2311274 HTTP/1.1" 502 481 "http://www.ncbi.nlm.nih.gov/pubmed/?term=Two+tuberculides+in+one+patient%E2%80%94a+case+report+of+papulonecrotic+tuberculide+and+erythema+induratum+occurring+together" "Mozilla/5.0 (Macintosh; Intel Mac OS X 10_9_5) AppleWebKit/600.6.3 (KHTML, like Gecko) Version/7.1.6 Safari/537.85.15" 300047731
169.230.243.252 - - [05/Jul/2015:21:19:00 -0400] "GET /sfx_local?sid=Entrez:PubMed&id=pmid:2311274 HTTP/1.1" 502 481 "http://www.ncbi.nlm.nih.gov/pubmed/?term=Two+tuberculides+in+one+patient%E2%80%94a+case+report+of+papulonecrotic+tuberculide+and+erythema+induratum+occurring+together" "Mozilla/5.0 (Macintosh; Intel Mac OS X 10_9_5) AppleWebKit/600.6.3 (KHTML, like Gecko) Version/7.1.6 Safari/537.85.15" 300101401
169.234.213.81 - - [05/Jul/2015:21:19:05 -0400] "GET /sfx_local?sid=google&auinit=TJ&aulast=Gerpott&atitle=Empirical+research+on+mobile+Internet+usage:+A+meta-analysis+of+the+literature&id=doi:10.1016/j.telpol.2013.10.003&title=Telecommunications+policy&volume=38&issue=3&date=2014&spage=291&issn=0308-5961 HTTP/1.1" 502 481 "https://scholar.google.com" "Mozilla/5.0 (Windows NT 6.1; WOW64; rv:39.0) Gecko/20100101 Firefox/39.0" 300106637
169.230.243.252 - - [05/Jul/2015:21:19:06 -0400] "GET /sfx_local?sid=Entrez:PubMed&id=pmid:2311274 HTTP/1.1" 502 481 "http://www.ncbi.nlm.nih.gov/pubmed/?term=Two+tuberculides+in+one+patient%E2%80%94a+case+report+of+papulonecrotic+tuberculide+and+erythema+induratum+occurring+together" "Mozilla/5.0 (Macintosh; Intel Mac OS X 10_9_5) AppleWebKit/600.6.3 (KHTML, like Gecko) Version/7.1.6 Safari/537.85.15" 300100890
169.234.213.81 - - [05/Jul/2015:21:19:14 -0400] "GET /sfx_local?sid=google&auinit=TJ&aulast=Gerpott&atitle=Empirical+research+on+mobile+Internet+usage:+A+meta-analysis+of+the+literature&id=doi:10.1016/j.telpol.2013.10.003&title=Telecommunications+policy&volume=38&issue=3&date=2014&spage=291&issn=0308-5961 HTTP/1.1" 502 481 "https://scholar.google.com" "Mozilla/5.0 (Windows NT 6.1; WOW64; rv:39.0) Gecko/20100101 Firefox/39.0" 300102345
128.195.64.2 - - [05/Jul/2015:21:19:21 -0400] "GET /sfx_local?url_ver=Z39.88-2004&rft_val_fmt=info:ofi/fmt:kev:mtx:journal&genre=article&sid=ProQ:ProQ%3Aericshell&atitle=A+Comparison+of+Predictors+of+Early+Emerging+Gender+Differences+in+Mathematics+Competency&title=Learning+and+Individual+Differences&issn=10416080&date=2008-01-01&volume=18&issue=1&spage=61&au=Carr%2C+Martha%3BSteiner%2C+Hillary+Hettinger%3BKyser%2C+Brandon%3BBiddlecomb%2C+Barry&isbn=&jtitle=Learning+and+Individual+Differences&btitle=&rft_id=info:eric/EJ786705&rft_id=info:doi/ HTTP/1.1" 502 481 "http://search.proquest.com/eric/results/59A0418D69E94A56PQ/1/$7b$22limiters$22:$5b$5d,$22additionalnavs$22:$5b$5d,$22v$22:$221$22,$22sort$22:$22relevance$22,$22param$22:$7b$22NAVIGATORS$22:$22navsummarynav,sourcetypenav,pubtitlenav,languagenav$28filter$3d200$2f0$2f*$29,decadenav$28filter$3d110$2f0$2f*,sort$3dname$2fascending$29,yearnav$28filter$3d1100$2f0$2f*,sort$3dname$2fascending$29,yearmonthnav$28filter$3d120$2f0$2f*,sort$3dname$2fascending$29,monthnav$28sort$3dname$2fascending$29,daynav$28sort$3dname$2fascending$29$22,$22RS$22:$22OP$22,$22flags$22:$22PeerReview$22,$22chunkSize$22:$2220$22,$22instance$22:$22prod.academic$22,$22ftblock$22:$22740842+1+660848+670831+194104+194001+670829+194000+660843+660840+104$22,$22removeDuplicates$22:$22true$22$7d,$22serializer$22:$22std1.4$22,$22searchterms$22:$5b$7b$22name$22:$22$22,$22qry$22:$22mathematics+AND+$28gender+differences$29+AND+strategies$22,$22fld$22:$22citationBody$22,$22top$22:$22AND$22$7d$5d,$22meta$22:$7b$22UsageSearchMode$22:$22QuickSearch$22,$22dbselections$22:$2210000150$22,$22SEARCH_ID_TIMESTAMP$22:$221436145490286$22,$22fdbok$22:$22N$22$7d,$22querytype$22:$22basic:ericshell$22$7d?accountid=14509" "Mozilla/5.0 (Macintosh; Intel Mac OS X 10_8_5) AppleWebKit/600.6.3 (KHTML, like Gecko) Version/6.2.6 Safari/537.85.15" 300138079
169.230.243.252 - - [05/Jul/2015:21:19:30 -0400] "GET /sfx_local?sid=Entrez:PubMed&id=pmid:2311274 HTTP/1.1" 502 481 "http://www.ncbi.nlm.nih.gov/pubmed/?term=Two+tuberculides+in+one+patient%E2%80%94a+case+report+of+papulonecrotic+tuberculide+and+erythema+induratum+occurring+together" "Mozilla/5.0 (Macintosh; Intel Mac OS X 10_9_5) AppleWebKit/600.6.3 (KHTML, like Gecko) Version/7.1.6 Safari/537.85.15" 300101738
169.230.243.252 - - [05/Jul/2015:21:19:30 -0400] "GET /sfx_local?sid=Entrez:PubMed&id=pmid:2311274 HTTP/1.1" 502 481 "http://www.ncbi.nlm.nih.gov/pubmed/?term=Two+tuberculides+in+one+patient%E2%80%94a+case+report+of+papulonecrotic+tuberculide+and+erythema+induratum+occurring+together" "Mozilla/5.0 (Macintosh; Intel Mac OS X 10_9_5) AppleWebKit/600.6.3 (KHTML, like Gecko) Version/7.1.6 Safari/537.85.15" 300102141
169.230.243.252 - - [05/Jul/2015:21:19:39 -0400] "GET /sfx_local?sid=Entrez:PubMed&id=pmid:2311274 HTTP/1.1" 502 481 "http://www.ncbi.nlm.nih.gov/pubmed/?term=Two+tuberculides+in+one+patient%E2%80%94a+case+report+of+papulonecrotic+tuberculide+and+erythema+induratum+occurring+together" "Mozilla/5.0 (Macintosh; Intel Mac OS X 10_9_5) AppleWebKit/600.6.3 (KHTML, like Gecko) Version/7.1.6 Safari/537.85.15" 300101298
128.195.64.2 - - [05/Jul/2015:21:19:42 -0400] "GET /sfx_local?url_ver=Z39.88-2004&rft_val_fmt=info:ofi/fmt:kev:mtx:journal&genre=article&sid=ProQ:ProQ%3Aericshell&atitle=Gender+Differences+in+First-Grade+Mathematics+Strategy+Use%3A+Parent+and+Teacher+Contributions.&title=Journal+for+Research+in+Mathematics+Education&issn=00218251&date=1999-01-01&volume=30&issue=1&spage=20&au=Carr%2C+Martha%3BJessup%2C+Donna+L.%3BFuller%2C+Diana&isbn=&jtitle=Journal+for+Research+in+Mathematics+Education&btitle=&rft_id=info:eric/EJ580449&rft_id=info:doi/ HTTP/1.1" 502 481 "http://search.proquest.com/eric/docview/62482928/59A0418D69E94A56PQ/6?accountid=14509" "Mozilla/5.0 (Macintosh; Intel Mac OS X 10_8_5) AppleWebKit/600.6.3 (KHTML, like Gecko) Version/6.2.6 Safari/537.85.15" 300102816
169.229.32.36 - - [05/Jul/2015:21:19:47 -0400] "GET /sfx_local?ctx_ver=Z39.88-2004&url_ver=Z39.88-2004&ctx_enc=info%3Aofi%2Fenc%3AUTF-8&rft_val_fmt=info%3Aofi%2Ffmt%3Akev%3Amtx%3Abook&rfr_id=info%3Asid%2Fci.nii.ac.jp%3ACiNii&rft_id=info%3Ancid%2FBA7142647X&rft.title=The%20%E2%80%98Ladies%20League%27%20%3A%20gender%20politics%2C%20national%20identity%2C%20and%20professional%20sports%20in%20Japan&rft.au=Edwards%2C%20Elise%20Marie&rft.pub=UMI&rft.date=2003 HTTP/1.1" 502 481 "http://ci.nii.ac.jp/ncid/BA7142647X" "Mozilla/5.0 (Macintosh; Intel Mac OS X 10.7; rv:39.0) Gecko/20100101 Firefox/39.0" 300050501
128.195.64.2 - - [05/Jul/2015:21:19:58 -0400] "GET /sfx_local?url_ver=Z39.88-2004&rft_val_fmt=info:ofi/fmt:kev:mtx:journal&genre=article&sid=ProQ:ProQ%3Aericshell&atitle=Gender+Differences+in+First-Grade+Mathematics+Strategy+Use%3A+Parent+and+Teacher+Contributions.&title=Journal+for+Research+in+Mathematics+Education&issn=00218251&date=1999-01-01&volume=30&issue=1&spage=20&au=Carr%2C+Martha%3BJessup%2C+Donna+L.%3BFuller%2C+Diana&isbn=&jtitle=Journal+for+Research+in+Mathematics+Education&btitle=&rft_id=info:eric/EJ580449&rft_id=info:doi/ HTTP/1.1" 502 481 "-" "Mozilla/5.0 (Macintosh; Intel Mac OS X 10_8_5) AppleWebKit/600.6.3 (KHTML, like Gecko) Version/6.2.6 Safari/537.85.15" 300102035
152.79.255.195 - - [05/Jul/2015:21:19:59 -0400] "GET /sfx_local?sid=Entrez:PubMed&id=pmid:22574244 HTTP/1.1" 502 481 "http://www.ncbi.nlm.nih.gov/pubmed/22574244" "Mozilla/4.0 (compatible; MSIE 8.0; Windows NT 6.1; WOW64; Trident/4.0; SLCC2; .NET CLR 2.0.50727; .NET CLR 3.5.30729; .NET CLR 3.0.30729; .NET4.0C; .NET4.0E)" 300102635
169.230.243.252 - - [05/Jul/2015:21:20:00 -0400] "GET /sfx_local?sid=Entrez:PubMed&id=pmid:2311274 HTTP/1.1" 502 481 "http://www.ncbi.nlm.nih.gov/pubmed/?term=Two+tuberculides+in+one+patient%E2%80%94a+case+report+of+papulonecrotic+tuberculide+and+erythema+induratum+occurring+together" "Mozilla/5.0 (Macintosh; Intel Mac OS X 10_9_5) AppleWebKit/600.6.3 (KHTML, like Gecko) Version/7.1.6 Safari/537.85.15" 300088123
169.230.243.252 - - [05/Jul/2015:21:20:00 -0400] "GET /sfx_local?sid=Entrez:PubMed&id=pmid:2311274 HTTP/1.1" 502 481 "http://www.ncbi.nlm.nih.gov/pubmed/?term=Two+tuberculides+in+one+patient%E2%80%94a+case+report+of+papulonecrotic+tuberculide+and+erythema+induratum+occurring+together" "Mozilla/5.0 (Macintosh; Intel Mac OS X 10_9_5) AppleWebKit/600.6.3 (KHTML, like Gecko) Version/7.1.6 Safari/537.85.15" 300101988
128.111.121.42 - - [05/Jul/2015:21:20:01 -0400] "GET /sfx_local?genre=article&issn=15588742&title=Journal%20of%20Policy%20Practice&volume=13&issue=4&date=20141001&atitle=E-advocacy%20in%20Human%20Services%3A%20The%20Impact%20of%20Organizational%20Conditions%20and%20Characteristics%20on%20Electronic%20Advocacy%20Activities%20among%20Nonprofits.&spage=300&sid=EBSCO:a9h&pid= HTTP/1.1" 502 481 "http://web.b.ebscohost.com/ehost/detail/detail?vid=8&sid=94264faf-1792-45dc-94d8-868bf2aeebe5%40sessionmgr114&hid=115&bdata=JnNpdGU9ZWhvc3QtbGl2ZQ%3d%3d" "Mozilla/5.0 (Macintosh; Intel Mac OS X 10_9_3) AppleWebKit/537.75.14 (KHTML, like Gecko) Version/7.0.3 Safari/537.75.14" 300102668
169.237.215.179 - - [05/Jul/2015:21:20:04 -0400] "GET /sfx_local?sid=Entrez:PubMed&id=pmid:23631318 HTTP/1.1" 502 481 "http://www.ncbi.nlm.nih.gov/pubmed/23631318" "Mozilla/5.0 (Macintosh; Intel Mac OS X 10_10_4) AppleWebKit/537.36 (KHTML, like Gecko) Chrome/43.0.2357.130 Safari/537.36" 300101868
169.230.243.252 - - [05/Jul/2015:21:20:09 -0400] "GET /sfx_local?sid=Entrez:PubMed&id=pmid:2311274 HTTP/1.1" 502 481 "http://www.ncbi.nlm.nih.gov/pubmed/?term=Two+tuberculides+in+one+patient%E2%80%94a+case+report+of+papulonecrotic+tuberculide+and+erythema+induratum+occurring+together" "Mozilla/5.0 (Macintosh; Intel Mac OS X 10_9_5) AppleWebKit/600.6.3 (KHTML, like Gecko) Version/7.1.6 Safari/537.85.15" 300071819
169.230.243.252 - - [05/Jul/2015:21:20:09 -0400] "GET /sfx_local?sid=Entrez:PubMed&id=pmid:2311274 HTTP/1.1" 502 481 "http://www.ncbi.nlm.nih.gov/pubmed/?term=Two+tuberculides+in+one+patient%E2%80%94a+case+report+of+papulonecrotic+tuberculide+and+erythema+induratum+occurring+together" "Mozilla/5.0 (Macintosh; Intel Mac OS X 10_9_5) AppleWebKit/600.6.3 (KHTML, like Gecko) Version/7.1.6 Safari/537.85.15" 300102481
128.120.194.195 - - [05/Jul/2015:21:20:13 -0400] "GET /sfx_local?url_ver=Z39.88-2004&url_ctx_fmt=info:ofi/fmt:kev:mtx:ctx&rft_val_fmt=info:ofi/fmt:kev:mtx:journal&rft.atitle=Rapid%20Qualitative%20and%20Quantitative%20Analyses%20of%20Proanthocyanidin%20Oligomers%20and%20Polymers%20by%20UPLC-MS%2FMS&rft.aufirst=Marica%20T%2E&rft.aulast=Engstrom&rft.date=2014&rft.eissn=1520-5118&rft.epage=3399&rft.genre=article&rft.issn=0021-8561&rft.issue=15&rft.jtitle=JOURNAL%20OF%20AGRICULTURAL%20AND%20FOOD%20CHEMISTRY&rft.pages=3390-3399&rft.spage=3390&rft.stitle=J%20AGR%20FOOD%20CHEM&rft.volume=62&rfr_id=info:sid/www.isinet.com:WoK:WOS&rft.au=Palijarvi%2C%20Maija&rft.au=Fryganas%2C%20Christos&rft.au=Grabber%2C%20John%20H%2E&rft.au=Mueller-Harvey%2C%20Irene&rft_id=info:pmid/24665824&rft_id=info:doi/10%2E1021%2Fjf500745y HTTP/1.0" 502 481 "http://apps.webofknowledge.com/full_record.do?product=WOS&search_mode=GeneralSearch&qid=7&SID=2E67ypvrX9YJMwwg2Vw&page=1&doc=18&cacheurlFromRightClick=no" "Mozilla/5.0 (Windows NT 6.1; WOW64) AppleWebKit/537.36 (KHTML, like Gecko) Chrome/43.0.2357.130 Safari/537.36" 300085558
45.49.152.96 - - [05/Jul/2015:21:20:26 -0400] "GET /sfx_local?sid=google&auinit=JA&aulast=Fodor&atitle=Connectionism+and+cognitive+architecture:+A+critical+analysis&id=doi:10.1016/0010-0277(88)90031-5&title=Cognition&volume=28&issue=1&date=1988&spage=3&issn=0010-0277 HTTP/1.1" 502 481 "-" "Mozilla/5.0 (Macintosh; Intel Mac OS X 10_10_3) AppleWebKit/537.36 (KHTML, like Gecko) Chrome/43.0.2357.130 Safari/537.36" 300102004
169.230.243.252 - - [05/Jul/2015:21:20:30 -0400] "GET /sfx_local?sid=Entrez:PubMed&id=pmid:2311274 HTTP/1.1" 502 481 "http://www.ncbi.nlm.nih.gov/pubmed/?term=Two+tuberculides+in+one+patient%E2%80%94a+case+report+of+papulonecrotic+tuberculide+and+erythema+induratum+occurring+together" "Mozilla/5.0 (Macintosh; Intel Mac OS X 10_9_5) AppleWebKit/600.6.3 (KHTML, like Gecko) Version/7.1.6 Safari/537.85.15" 300102875
169.230.243.252 - - [05/Jul/2015:21:20:39 -0400] "GET /sfx_local?sid=Entrez:PubMed&id=pmid:2311274 HTTP/1.1" 502 481 "http://www.ncbi.nlm.nih.gov/pubmed/?term=Two+tuberculides+in+one+patient%E2%80%94a+case+report+of+papulonecrotic+tuberculide+and+erythema+induratum+occurring+together" "Mozilla/5.0 (Macintosh; Intel Mac OS X 10_9_5) AppleWebKit/600.6.3 (KHTML, like Gecko) Version/7.1.6 Safari/537.85.15" 300107615
169.230.243.252 - - [05/Jul/2015:21:20:39 -0400] "GET /sfx_local?sid=Entrez:PubMed&id=pmid:2311274 HTTP/1.1" 502 481 "http://www.ncbi.nlm.nih.gov/pubmed/?term=Two+tuberculides+in+one+patient%E2%80%94a+case+report+of+papulonecrotic+tuberculide+and+erythema+induratum+occurring+together" "Mozilla/5.0 (Macintosh; Intel Mac OS X 10_9_5) AppleWebKit/600.6.3 (KHTML, like Gecko) Version/7.1.6 Safari/537.85.15" 300100650
128.120.194.195 - - [05/Jul/2015:21:20:39 -0400] "GET /sfx_local?url_ver=Z39.88-2004&url_ctx_fmt=info:ofi/fmt:kev:mtx:ctx&rft_val_fmt=info:ofi/fmt:kev:mtx:journal&rft.atitle=Rapid%20Qualitative%20and%20Quantitative%20Analyses%20of%20Proanthocyanidin%20Oligomers%20and%20Polymers%20by%20UPLC-MS%2FMS&rft.aufirst=Marica%20T%2E&rft.aulast=Engstrom&rft.date=2014&rft.eissn=1520-5118&rft.epage=3399&rft.genre=article&rft.issn=0021-8561&rft.issue=15&rft.jtitle=JOURNAL%20OF%20AGRICULTURAL%20AND%20FOOD%20CHEMISTRY&rft.pages=3390-3399&rft.spage=3390&rft.stitle=J%20AGR%20FOOD%20CHEM&rft.volume=62&rfr_id=info:sid/www.isinet.com:WoK:WOS&rft.au=Palijarvi%2C%20Maija&rft.au=Fryganas%2C%20Christos&rft.au=Grabber%2C%20John%20H%2E&rft.au=Mueller-Harvey%2C%20Irene&rft_id=info:pmid/24665824&rft_id=info:doi/10%2E1021%2Fjf500745y HTTP/1.0" 502 481 "http://apps.webofknowledge.com/full_record.do?product=WOS&search_mode=GeneralSearch&qid=7&SID=2E67ypvrX9YJMwwg2Vw&page=1&doc=18&cacheurlFromRightClick=no" "Mozilla/5.0 (Windows NT 6.1; WOW64) AppleWebKit/537.36 (KHTML, like Gecko) Chrome/43.0.2357.130 Safari/537.36" 300102712
128.195.64.2 - - [05/Jul/2015:21:20:45 -0400] "GET /sfx_local?url_ver=Z39.88-2004&rft_val_fmt=info:ofi/fmt:kev:mtx:journal&genre=article&sid=ProQ:ProQ%3Aericshell&atitle=Gender+Differences+in+Elementary+School+Children%27s+Strategy+Use+and+Strategy+Preferences+on+Multidigit+Addition+and+Subtraction+Story+Problems&title=Investigations+in+Mathematics+Learning&issn=19477503&date=2011-01-01&volume=3&issue=3&spage=1&au=Edwards-Omolewa%2C+Nicola+D.&isbn=&jtitle=Investigations+in+Mathematics+Learning&btitle=&rft_id=info:eric/EJ930130&rft_id=info:doi/ HTTP/1.1" 502 481 "http://search.proquest.com/eric/docview/881454831/59A0418D69E94A56PQ/14?accountid=14509" "Mozilla/5.0 (Macintosh; Intel Mac OS X 10_8_5) AppleWebKit/600.6.3 (KHTML, like Gecko) Version/6.2.6 Safari/537.85.15" 300100605
128.111.121.42 - - [05/Jul/2015:21:20:52 -0400] "GET /sfx_local?genre=article&issn=15588742&title=Journal%20of%20Policy%20Practice&volume=13&issue=4&date=20141001&atitle=E-advocacy%20in%20Human%20Services%3A%20The%20Impact%20of%20Organizational%20Conditions%20and%20Characteristics%20on%20Electronic%20Advocacy%20Activities%20among%20Nonprofits.&spage=300&sid=EBSCO:a9h&pid= HTTP/1.1" 502 481 "http://web.b.ebscohost.com/ehost/detail/detail?vid=8&sid=94264faf-1792-45dc-94d8-868bf2aeebe5%40sessionmgr114&hid=115&bdata=JnNpdGU9ZWhvc3QtbGl2ZQ%3d%3d" "Mozilla/5.0 (Macintosh; Intel Mac OS X 10_9_3) AppleWebKit/537.75.14 (KHTML, like Gecko) Version/7.0.3 Safari/537.75.14" 300053255
138.23.232.4 - - [05/Jul/2015:21:20:53 -0400] "GET /sfx_local?url_ver=Z39.88-2004&rft_val_fmt=info:ofi/fmt:kev:mtx:journal&genre=conference&sid=ProQ:ProQ%3Asocabsshell&atitle=Witnessing+Interparental+Violence+and+Children%27s+Adjustment&title=American+Sociological+Association&issn=&date=2000-01-01&volume=&issue=&spage=&au=Kopiec%2C+Kathleen+M&isbn=&jtitle=American+Sociological+Association&btitle=&rft_id=info:eric/&rft_id=info:doi/ HTTP/1.1" 502 481 "http://search.proquest.com/socabs/docview/61740790/317E01E5A1774775PQ/1?accountid=14521" "Mozilla/5.0 (Windows NT 6.1; WOW64) AppleWebKit/537.36 (KHTML, like Gecko) Chrome/43.0.2357.130 Safari/537.36" 300102181
169.230.243.252 - - [05/Jul/2015:21:21:09 -0400] "GET /sfx_local?sid=Entrez:PubMed&id=pmid:2311274 HTTP/1.1" 502 481 "http://www.ncbi.nlm.nih.gov/pubmed/?term=Two+tuberculides+in+one+patient%E2%80%94a+case+report+of+papulonecrotic+tuberculide+and+erythema+induratum+occurring+together" "Mozilla/5.0 (Macintosh; Intel Mac OS X 10_9_5) AppleWebKit/600.6.3 (KHTML, like Gecko) Version/7.1.6 Safari/537.85.15" 300101577
169.230.243.252 - - [05/Jul/2015:21:21:09 -0400] "GET /sfx_local?sid=Entrez:PubMed&id=pmid:2311274 HTTP/1.1" 502 481 "http://www.ncbi.nlm.nih.gov/pubmed/?term=Two+tuberculides+in+one+patient%E2%80%94a+case+report+of+papulonecrotic+tuberculide+and+erythema+induratum+occurring+together" "Mozilla/5.0 (Macintosh; Intel Mac OS X 10_9_5) AppleWebKit/600.6.3 (KHTML, like Gecko) Version/7.1.6 Safari/537.85.15" 300101108
128.195.64.2 - - [05/Jul/2015:21:21:11 -0400] "GET /sfx_local?url_ver=Z39.88-2004&rft_val_fmt=info:ofi/fmt:kev:mtx:journal&genre=article&sid=ProQ:ProQ%3Aericshell&atitle=Gender+Differences+in+Elementary+School+Children%27s+Strategy+Use+and+Strategy+Preferences+on+Multidigit+Addition+and+Subtraction+Story+Problems&title=Investigations+in+Mathematics+Learning&issn=19477503&date=2011-01-01&volume=3&issue=3&spage=1&au=Edwards-Omolewa%2C+Nicola+D.&isbn=&jtitle=Investigations+in+Mathematics+Learning&btitle=&rft_id=info:eric/EJ930130&rft_id=info:doi/ HTTP/1.1" 502 481 "-" "Mozilla/5.0 (Macintosh; Intel Mac OS X 10_8_5) AppleWebKit/600.6.3 (KHTML, like Gecko) Version/6.2.6 Safari/537.85.15" 300103857
128.97.245.58 - - [05/Jul/2015:21:21:19 -0400] "GET /sfx_local?sid=google&auinit=JA&aulast=Fodor&atitle=Connectionism+and+cognitive+architecture:+A+critical+analysis&id=doi:10.1016/0010-0277(88)90031-5&title=Cognition&volume=28&issue=1&date=1988&spage=3&issn=0010-0277 HTTP/1.1" 502 481 "-" "Mozilla/5.0 (Macintosh; Intel Mac OS X 10_10_3) AppleWebKit/537.36 (KHTML, like Gecko) Chrome/43.0.2357.130 Safari/537.36" 300101070
54.187.21.198 - - [05/Jul/2015:21:21:19 -0400] "GET /sfx_local?genre=article&sid=MEL:monitor&title=abdominal imaging&char_set=utf8 HTTP/1.1" 502 481 "-" "check_http/v2.0.1 (nagios-plugins 2.0.1)" 300100818
128.114.34.22 - - [05/Jul/2015:21:21:27 -0400] "GET /sfx_local?sid=Entrez:PubMed&id=pmid:22910584 HTTP/1.1" 502 481 "http://www.ncbi.nlm.nih.gov/pubmed/22910584" "Mozilla/5.0 (Macintosh; Intel Mac OS X 10_10_3) AppleWebKit/537.36 (KHTML, like Gecko) Chrome/43.0.2357.130 Safari/537.36" 300037630
